Version	1.0
Project	org.jboss.it:simple-it:1.0-SNAPSHOT
Build artifacts
GAV(GroupId:ArtifactId:Version:Classifier:Type)
org.jboss.it:simple-it:1.0-SNAPSHOT::jar
org.jboss.it:simple-it:1.0-SNAPSHOT:sources:java-source
